I'm sorry, but errors were detected in your script. Please correct the
errors listed below, and try again.


File "game/script.rpy", line 50: Line is indented, but the preceding one-line python statement statement does not expect a block. Please check this line's indentation.
    jump banana_victory
    ^

Ren'Py Version: Ren'Py 8.0.3.22090809
Wed Jan 11 17:02:12 2023
